xmsim(64): 24.03-s010: (c) Copyright 1995-2024 Cadence Design Systems, Inc.
TOOL:	xmsim(64)	24.03-s010: Started on May 22, 2026 at 11:57:05 KST
xmsim
    -MESS
    tb_pipeline
    -gui

xmsim: *W,NOMTDGUI: Multi-Threaded Dumping is disabled for interactive debug mode.

-------------------------------------
Relinquished control to SimVision...
xcelium> 
xcelium> database -open waves -into waves.shm -default
Created default SHM database waves
xcelium> probe -create -shm tb_pipeline.DUT.clk tb_pipeline.DUT.in1 tb_pipeline.DUT.in2 tb_pipeline.DUT.temp_add1 tb_pipeline.DUT.in3 tb_pipeline.DUT.temp_in3 tb_pipeline.DUT.out tb_pipeline.DUT.rst_n
Created probe 1
xcelium> run
Simulation complete via $finish(1) at time 200 NS + 0
./tb_pipeline.v:45 	$finish;
xcelium> ^C
xcelium> exit
TOOL:	xmsim(64)	24.03-s010: Exiting on May 22, 2026 at 13:31:34 KST  (total: 01:34:29)
