xmsim(64): 24.03-s010: (c) Copyright 1995-2024 Cadence Design Systems, Inc.
TOOL:	xmsim(64)	24.03-s010: Started on May 08, 2026 at 13:06:38 KST
xmsim
    -MESS
    clock_gen
    -gui

xmsim: *W,NOMTDGUI: Multi-Threaded Dumping is disabled for interactive debug mode.

-------------------------------------
Relinquished control to SimVision...
xcelium> 
xcelium> database -open waves -into waves.shm -default
Created default SHM database waves
xcelium> probe -create -shm clock_gen.clk
Created probe 1
xcelium> run
Simulation complete via $finish(1) at time 1 US + 0
./clock_gen.v:18 		#1000 $finish;
xcelium> ^C
xcelium> exit
TOOL:	xmsim(64)	24.03-s010: Exiting on May 08, 2026 at 13:07:12 KST  (total: 00:00:34)
