xmelab(64): 24.03-s010: (c) Copyright 1995-2024 Cadence Design Systems, Inc.
TOOL:	xmelab(64)	24.03-s010: Started on May 08, 2026 at 14:24:02 KST
xmelab
    -MESS
    -access rwc
    tb_ander

	Elaborating the design hierarchy:
		Caching library 'work_lib' ....... Done
	Building instance overlay tables: .................... Done
	Generating native compiled code:
		work_lib.ander:module <0x69cc9e35>
			streams:   1, words:   471
		work_lib.tb_ander:module <0x0ab8625b>
			streams:   4, words:  6531
	Building instance specific data structures.
	Loading native compiled code:     .................... Done
	Design hierarchy summary:
		                 Instances  Unique
		Modules:                 2       2
		Registers:               3       3
		Scalar wires:            3       -
		Always blocks:           1       1
		Initial blocks:          1       1
		Pseudo assignments:      2       -
		Simulation timescale:  1ps
	Writing initial simulation snapshot: work_lib.tb_ander:module
TOOL:	xmelab(64)	24.03-s010: Exiting on May 08, 2026 at 14:24:02 KST  (total: 00:00:00)
